
> backend-homework@0.0.1 start
> nest start

[32m✔[0m [33mConsole Ninja[0m extension is connected to [33mNest.js[0m, see [36mhttps://tinyurl.com/2vt8jxzw[0m
[32m[Nest] 136381  - [39m05/01/2026, 1:44:48 PM [32m    LOG[39m [38;5;3m[NestFactory] [39m[32mStarting Nest application...[39m
[31m[Nest] 136381  - [39m05/01/2026, 1:44:48 PM [31m  ERROR[39m [38;5;3m[ExceptionHandler] [39mPrismaClientConstructorValidationError: Unknown property datasourceUrl provided to PrismaClient constructor.
Read more at https://pris.ly/d/client-constructor
    at validatePrismaClientOptions [90m(/home/urpiriodev/githud/app-homework/Homework/backend-homework/[39mnode_modules/[4m@prisma/client[24m/src/runtime/utils/validatePrismaClientOptions.ts:260:13[90m)[39m
    at new t [90m(/home/urpiriodev/githud/app-homework/Homework/backend-homework/[39mnode_modules/[4m@prisma/client[24m/src/runtime/getPrismaClient.ts:358:7[90m)[39m
    at new PrismaService [90m(/home/urpiriodev/githud/app-homework/Homework/backend-homework/[39msrc/prisma/prisma.service.ts:8:5[90m)[39m
    at Injector.instantiateClass [90m(/home/urpiriodev/githud/app-homework/Homework/backend-homework/[39mnode_modules/[4m@nestjs/core[24m/injector/injector.js:422:19[90m)[39m
    at callback [90m(/home/urpiriodev/githud/app-homework/Homework/backend-homework/[39mnode_modules/[4m@nestjs/core[24m/injector/injector.js:70:45[90m)[39m
[90m    at process.processTicksAndRejections (node:internal/process/task_queues:103:5)[39m
    at async Injector.resolveConstructorParams [90m(/home/urpiriodev/githud/app-homework/Homework/backend-homework/[39mnode_modules/[4m@nestjs/core[24m/injector/injector.js:170:24[90m)[39m
    at async Injector.loadInstance [90m(/home/urpiriodev/githud/app-homework/Homework/backend-homework/[39mnode_modules/[4m@nestjs/core[24m/injector/injector.js:75:13[90m)[39m
    at async Injector.loadProvider [90m(/home/urpiriodev/githud/app-homework/Homework/backend-homework/[39mnode_modules/[4m@nestjs/core[24m/injector/injector.js:103:9[90m)[39m
    at async [90m/home/urpiriodev/githud/app-homework/Homework/backend-homework/[39mnode_modules/[4m@nestjs/core[24m/injector/instance-loader.js:56:13
    at async Promise.all (index 3)
    at async InstanceLoader.createInstancesOfProviders [90m(/home/urpiriodev/githud/app-homework/Homework/backend-homework/[39mnode_modules/[4m@nestjs/core[24m/injector/instance-loader.js:55:9[90m)[39m
    at async [90m/home/urpiriodev/githud/app-homework/Homework/backend-homework/[39mnode_modules/[4m@nestjs/core[24m/injector/instance-loader.js:40:13
    at async Promise.all (index 2)
    at async InstanceLoader.createInstances [90m(/home/urpiriodev/githud/app-homework/Homework/backend-homework/[39mnode_modules/[4m@nestjs/core[24m/injector/instance-loader.js:39:9[90m)[39m
    at async InstanceLoader.createInstancesOfDependencies [90m(/home/urpiriodev/githud/app-homework/Homework/backend-homework/[39mnode_modules/[4m@nestjs/core[24m/injector/instance-loader.js:22:13[90m)[39m
    at async [90m/home/urpiriodev/githud/app-homework/Homework/backend-homework/[39mnode_modules/[4m@nestjs/core[24m/nest-factory.js:112:17
    at async ExceptionsZone.asyncRun [90m(/home/urpiriodev/githud/app-homework/Homework/backend-homework/[39mnode_modules/[4m@nestjs/core[24m/errors/exceptions-zone.js:22:13[90m)[39m
    at async NestFactoryStatic.initialize [90m(/home/urpiriodev/githud/app-homework/Homework/backend-homework/[39mnode_modules/[4m@nestjs/core[24m/nest-factory.js:110:13[90m)[39m
    at async NestFactoryStatic.create [90m(/home/urpiriodev/githud/app-homework/Homework/backend-homework/[39mnode_modules/[4m@nestjs/core[24m/nest-factory.js:43:9[90m)[39m
